// Jest Snapshot v1, https://goo.gl/fbAQLP

exports[`Video should render and connect 1`] = `
<MemoryRouter
  initialEntries={
    Array [
      Object {
        "key": "xxxx",
      },
    ]
  }
>
  <Router
    history={
      Object {
        "action": "POP",
        "block": [Function],
        "canGo": [Function],
        "createHref": [Function],
        "entries": Array [
          Object {
            "hash": "",
            "key": "xxxx",
            "pathname": "/",
            "search": "",
          },
        ],
        "go": [Function],
        "goBack": [Function],
        "goForward": [Function],
        "index": 0,
        "length": 1,
        "listen": [Function],
        "location": Object {
          "hash": "",
          "key": "xxxx",
          "pathname": "/",
          "search": "",
        },
        "push": [Function],
        "replace": [Function],
      }
    }
  >
    <Component
      conference={
        Object {
          "date": "XX/YY/ZZZ",
          "playlist": "day 1",
          "title": "react conf 2018",
          "videos": Array [
            "aaa",
            "bbb",
            "ccc",
          ],
          "website": "fake url",
        }
      }
      conferenceId="yyy"
      isOpen={false}
      speaker={
        Object {
          "name": "Simon Carter",
        }
      }
      toggleIsOpen={[MockFunction]}
      video={
        Object {
          "embeddableLink": "a link",
          "length": "12:34",
          "lightning": false,
          "link": "a link",
          "presenter": "siomn carter",
          "split": "",
          "title": "test title",
        }
      }
      videoId="xxx"
    >
      <li
        className="root"
        data-cy="result"
        key="xxx"
      >
        <h3
          className="heading"
        >
          <button
            aria-controls="content-test title"
            aria-expanded={false}
            className="top"
            id="accordion-test title"
            onClick={[Function]}
          >
            <span
              className="title"
            >
               
              test title
            </span>
            <span
              className="right"
            >
              12:34
            </span>
          </button>
        </h3>
        <div
          aria-hidden={true}
          aria-labelledby="accordion-test title"
          className="videoWrapper"
          id="content-test title"
        />
        <span
          className="details"
        >
          Simon Carter
          <Link
            aria-label="See all videos for conference react conf 2018"
            className="conferenceTitle"
            data-cy="conference-link"
            to="/conference/react-conf-2018"
          >
            <a
              aria-label="See all videos for conference react conf 2018"
              className="conferenceTitle"
              data-cy="conference-link"
              href="/conference/react-conf-2018"
              onClick={[Function]}
            >
              react conf 2018
            </a>
          </Link>
        </span>
      </li>
    </Component>
  </Router>
</MemoryRouter>
`;
